# Create a graph
CreateGraph graph1

# Add a pair of node
added node n1 to graph1