# Create a graph
CreateGraph graph1

# Add a pair of nodes
added node n1 to graph1
added node n2 to graph1