# Create a graph
created graph graph1

# Add a pair of node
added node n1 to graph1

# Add edges
added edge e1 from n1 to n1 in graph1
added edge e2 from n1 to n1 in graph1