# Create a graph
CreateGraph graph1

# Add a pair of node
added node n1 to graph1

# Add an edge
added edge e1 from n1 to n1 in graph1