# Create a graph1
created graph graph1

# Create a graph2
created graph graph2