# Create a graph
CreateGraph graph1

# Print the nodes in the graph
graph1 contains: