# Create a graph
CreateGraph graph1

# Add a pair of node
added node n1 to graph1

# Print the outgoing edges from n1
the children of n1 in graph1 are: