# Create a graph
CreateGraph graph1

# Add a pair of nodes
added node b to graph1
added node a to graph1

# Print the nodes in the graph
graph1 contains: a b