created graph simpleGraph

added node A to simpleGraph
added node B to simpleGraph
added node C to simpleGraph

added edge 10.000 from A to B in simpleGraph
added edge 1.000 from A to C in simpleGraph

path from A to B:
A to B with weight 10.000
total cost: 10.000
